src/app/api/chatbot/chat/route.ts(33,21): error TS2769: No overload matches this call.
  The last overload gave the following error.
    Type '({ keyword }: { keyword: any; }) => Promise<{ result: string; } | { result: { nama_bayi: any; status_stunting: any; puskesmas: any; }[]; }>' is not assignable to type 'undefined'.
src/app/api/chatbot/chat/route.ts(33,39): error TS7031: Binding element 'keyword' implicitly has an 'any' type.
src/app/api/chatbot/chat/route.ts(58,21): error TS2769: No overload matches this call.
  The last overload gave the following error.
    Type '() => Promise<{ summary: string; }>' is not assignable to type 'undefined'.
src/app/api/chatbot/chat/route.ts(63,13): error TS2353: Object literal may only specify known properties, and 'maxSteps' does not exist in type 'CallSettings & (Prompt & { model: LanguageModel; tools?: { queryDataBalita: Tool<any, any>; getSummaryInsiden: Tool<any, { summary: string; }>; } | undefined; ... 20 more ...; _internal?: { ...; } | undefined; })'.
